V3 3
FL D:/CPLD/Tp_7/Contador_As_Ds_D/M_E/Top.vhd 2017/10/31.16:48:25 K.31
EN work/Top 1509479307 FL D:/CPLD/Tp_7/Contador_As_Ds_D/M_E/Top.vhd \
      PB ieee/std_logic_1164 1200023565 PB ieee/std_logic_arith 1200023566 \
      PB ieee/STD_LOGIC_UNSIGNED 1200023567
AR work/Top/Behavioral 1509479308 \
      FL D:/CPLD/Tp_7/Contador_As_Ds_D/M_E/Top.vhd EN work/Top 1509479307
