AR main behavioral D:/CPLD/Tp_7/Contador_As_Ds_D/Contador_FF_D/Main.vhd sub00/vhpl03 1509477426
EN main NULL D:/CPLD/Tp_7/Contador_As_Ds_D/Contador_FF_D/Main.vhd sub00/vhpl02 1509477425
EN flip_flop_d NULL D:/CPLD/Tp_7/Contador_As_Ds_D/Contador_FF_D/Flip_Flop_D.vhd sub00/vhpl00 1509477423
AR flip_flop_d behavioral D:/CPLD/Tp_7/Contador_As_Ds_D/Contador_FF_D/Flip_Flop_D.vhd sub00/vhpl01 1509477424
