AR tp3_ejercicio_2142 behavioral D:/andres/Tp_3/Tp_3/TP3_Ejercicio_2142.vhd sub00/vhpl03 1496949400
EN tp3_ejercicio_2 NULL C:/Users/Lukin/Documents/Ise/TP3_Ejercicio_2/TP3_Ejercicio_2.vhd sub00/vhpl00 1496865579
AR tp3_ejercicio_2 behavioral C:/Users/Lukin/Documents/Ise/TP3_Ejercicio_2/TP3_Ejercicio_2.vhd sub00/vhpl01 1496865580
EN tp3_ejercicio_2142 NULL D:/andres/Tp_3/Tp_3/TP3_Ejercicio_2142.vhd sub00/vhpl02 1496949399
