Release 10.1 - xst K.31 (nt)
Copyright (c) 1995-2008 Xilinx, Inc.  All rights reserved.
--> Parameter TMPDIR set to C:/Users/Lukin/Documents/Ise/TP3_Ejercicio_2/xst/projnav.tmp


Total REAL time to Xst completion: 0.00 secs
Total CPU time to Xst completion: 0.10 secs
 
--> Parameter xsthdpdir set to C:/Users/Lukin/Documents/Ise/TP3_Ejercicio_2/xst


Total REAL time to Xst completion: 0.00 secs
Total CPU time to Xst completion: 0.10 secs
 
--> Reading design: TP3_Ejercicio_2.prj

TABLE OF CONTENTS
  1) Synthesis Options Summary
  2) HDL Compilation
  3) Design Hierarchy Analysis
  4) HDL Analysis
  5) HDL Synthesis
     5.1) HDL Synthesis Report
  6) Advanced HDL Synthesis
     6.1) Advanced HDL Synthesis Report
  7) Low Level Synthesis
  8) Partition Report
  9) Final Report

=========================================================================
*                      Synthesis Options Summary                        *
=========================================================================
---- Source Parameters
Input File Name                    : "TP3_Ejercicio_2.prj"
Input Format                       : mixed
Ignore Synthesis Constraint File   : NO

---- Target Parameters
Output File Name                   : "TP3_Ejercicio_2"
Output Format                      : NGC
Target Device                      : XC9500XL CPLDs

---- Source Options
Top Module Name                    : TP3_Ejercicio_2
Automatic FSM Extraction           : YES
FSM Encoding Algorithm             : Auto
Safe Implementation                : No
Mux Extraction                     : YES
Resource Sharing                   : YES

---- Target Options
Add IO Buffers                     : YES
MACRO Preserve                     : YES
XOR Preserve                       : YES
Equivalent register Removal        : YES

---- General Options
Optimization Goal                  : Speed
Optimization Effort                : 1
Library Search Order               : TP3_Ejercicio_2.lso
Keep Hierarchy                     : YES
Netlist Hierarchy                  : as_optimized
RTL Output                         : Yes
Hierarchy Separator                : /
Bus Delimiter                      : <>
Case Specifier                     : maintain
Verilog 2001                       : YES

---- Other Options
Clock Enable                       : YES
wysiwyg                            : NO

=========================================================================


=========================================================================
*                          HDL Compilation                              *
=========================================================================
WARNING:HDLParsers:3607 - Unit work/TP3_Ejercicio_2 is now defined in a different file.  It was defined in "C:/Users/Lukin/Documents/Ise/TP3_Ejercicio_2/TP3_Ejercicio_2.vhd", and is now defined in "C:/Users/Lukin/Documents/Ise/TP3_Ejercicio_2/TP3_Ejercicio_2.vhf".
WARNING:HDLParsers:3607 - Unit work/TP3_Ejercicio_2/BEHAVIORAL is now defined in a different file.  It was defined in "C:/Users/Lukin/Documents/Ise/TP3_Ejercicio_2/TP3_Ejercicio_2.vhd", and is now defined in "C:/Users/Lukin/Documents/Ise/TP3_Ejercicio_2/TP3_Ejercicio_2.vhf".
Compiling vhdl file "C:/Users/Lukin/Documents/Ise/TP3_Ejercicio_2/TP3_Ejercicio_2.vhf" in Library work.
ERROR:HDLParsers:164 - "C:/Users/Lukin/Documents/Ise/TP3_Ejercicio_2/TP3_Ejercicio_2.vhf" Line 29. parse error, unexpected CLOSEPAR, expecting IDENTIFIER
--> 

Total memory usage is 210216 kilobytes

Number of errors   :    1 (   0 filtered)
Number of warnings :    2 (   0 filtered)
Number of infos    :    0 (   0 filtered)

