Release 10.1.03 - xst K.39 (nt)
Copyright (c) 1995-2008 Xilinx, Inc.  All rights reserved.
--> Parameter TMPDIR set to D:/andres/Tp_3/Tp_3/xst/projnav.tmp


Total REAL time to Xst completion: 0.00 secs
Total CPU time to Xst completion: 0.36 secs
 
--> Parameter xsthdpdir set to D:/andres/Tp_3/Tp_3/xst


Total REAL time to Xst completion: 0.00 secs
Total CPU time to Xst completion: 0.36 secs
 
--> Reading design: TP3_Ejercicio_2142.prj

TABLE OF CONTENTS
  1) Synthesis Options Summary
  2) HDL Compilation
  3) Design Hierarchy Analysis
  4) HDL Analysis
  5) HDL Synthesis
     5.1) HDL Synthesis Report
  6) Advanced HDL Synthesis
     6.1) Advanced HDL Synthesis Report
  7) Low Level Synthesis
  8) Partition Report
  9) Final Report

=========================================================================
*                      Synthesis Options Summary                        *
=========================================================================
---- Source Parameters
Input File Name                    : "TP3_Ejercicio_2142.prj"
Input Format                       : mixed
Ignore Synthesis Constraint File   : NO

---- Target Parameters
Output File Name                   : "TP3_Ejercicio_2142"
Output Format                      : NGC
Target Device                      : XC9500XL CPLDs

---- Source Options
Top Module Name                    : TP3_Ejercicio_2142
Automatic FSM Extraction           : YES
FSM Encoding Algorithm             : Auto
Safe Implementation                : No
Mux Extraction                     : YES
Resource Sharing                   : YES

---- Target Options
Add IO Buffers                     : YES
MACRO Preserve                     : YES
XOR Preserve                       : YES
Equivalent register Removal        : YES

---- General Options
Optimization Goal                  : Speed
Optimization Effort                : 1
Library Search Order               : TP3_Ejercicio_2142.lso
Keep Hierarchy                     : YES
Netlist Hierarchy                  : as_optimized
RTL Output                         : Yes
Hierarchy Separator                : /
Bus Delimiter                      : <>
Case Specifier                     : maintain
Verilog 2001                       : YES

---- Other Options
Clock Enable                       : YES
wysiwyg                            : NO

=========================================================================


=========================================================================
*                          HDL Compilation                              *
=========================================================================
WARNING:HDLParsers:3607 - Unit work/TP3_Ejercicio_2142 is now defined in a different file.  It was defined in "C:/Users/Lukin/Documents/Ise/TP3_Ejercicio_2/TP3_Ejercicio_2142.vhd", and is now defined in "D:/andres/Tp_3/Tp_3/TP3_Ejercicio_2142.vhd".
WARNING:HDLParsers:3607 - Unit work/TP3_Ejercicio_2142/Behavioral is now defined in a different file.  It was defined in "C:/Users/Lukin/Documents/Ise/TP3_Ejercicio_2/TP3_Ejercicio_2142.vhd", and is now defined in "D:/andres/Tp_3/Tp_3/TP3_Ejercicio_2142.vhd".
Compiling vhdl file "D:/andres/Tp_3/Tp_3/TP3_Ejercicio_2142.vhd" in Library work.
Architecture behavioral of Entity tp3_ejercicio_2142 is up to date.

=========================================================================
*                     Design Hierarchy Analysis                         *
=========================================================================
Analyzing hierarchy for entity <TP3_Ejercicio_2142> in library <work> (architecture <behavioral>).


=========================================================================
*                            HDL Analysis                               *
=========================================================================
Analyzing Entity <TP3_Ejercicio_2142> in library <work> (Architecture <behavioral>).
Entity <TP3_Ejercicio_2142> analyzed. Unit <TP3_Ejercicio_2142> generated.


=========================================================================
*                           HDL Synthesis                               *
=========================================================================

Performing bidirectional port resolution...

Synthesizing Unit <TP3_Ejercicio_2142>.
    Related source file is "D:/andres/Tp_3/Tp_3/TP3_Ejercicio_2142.vhd".
    Found 5-bit xor2 for signal <codigo_error>.
    Found 4-bit xor2 for signal <deteccion>.
    Found 1-bit xor2 for signal <kc<2>>.
    Found 2-bit xor3 for signal <kc<1:0>>.
    Found 1-bit xor2 for signal <kc_2$xor0000> created at line 51.
    Found 1-bit xor3 for signal <kp<2>>.
    Found 1-bit xor2 for signal <kp<1>>.
    Found 1-bit xor3 for signal <kp<0>>.
    Found 1-bit xor2 for signal <kp_0$xor0000> created at line 35.
    Summary:
	inferred  13 Xor(s).
Unit <TP3_Ejercicio_2142> synthesized.


=========================================================================
HDL Synthesis Report

Macro Statistics
# Xors                                                 : 17
 1-bit xor2                                            : 13
 1-bit xor3                                            : 4

=========================================================================

=========================================================================
*                       Advanced HDL Synthesis                          *
=========================================================================


=========================================================================
Advanced HDL Synthesis Report

Macro Statistics
# Xors                                                 : 4
 1-bit xor3                                            : 4

=========================================================================

=========================================================================
*                         Low Level Synthesis                           *
=========================================================================

Optimizing unit <TP3_Ejercicio_2142> ...

=========================================================================
*                           Partition Report                             *
=========================================================================

Partition Implementation Status
-------------------------------

  No Partitions were found in this design.

-------------------------------

=========================================================================
*                            Final Report                               *
=========================================================================
Final Results
RTL Top Level Output File Name     : TP3_Ejercicio_2142.ngr
Top Level Output File Name         : TP3_Ejercicio_2142
Output Format                      : NGC
Optimization Goal                  : Speed
Keep Hierarchy                     : YES
Target Technology                  : XC9500XL CPLDs
Macro Preserve                     : YES
XOR Preserve                       : YES
Clock Enable                       : YES
wysiwyg                            : NO

Design Statistics
# IOs                              : 21

Cell Usage :
# BELS                             : 89
#      AND2                        : 25
#      AND3                        : 3
#      GND                         : 1
#      INV                         : 26
#      OR2                         : 6
#      OR3                         : 1
#      XOR2                        : 27
# IO Buffers                       : 21
#      IBUF                        : 8
#      OBUF                        : 13
=========================================================================


Total REAL time to Xst completion: 3.00 secs
Total CPU time to Xst completion: 2.70 secs
 
--> 

Total memory usage is 128072 kilobytes

Number of errors   :    0 (   0 filtered)
Number of warnings :    2 (   0 filtered)
Number of infos    :    0 (   0 filtered)

