V3 9
FL C:/Xilinx/Tp/Contador_As_Ds_D/Contador_FF_D/Flip_Flop_D.vhd 2017/10/26.12:40:53 K.31
FL C:/Xilinx/Tp/Contador_As_Ds_D/Contador_FF_D/Main.vhd 2017/10/26.12:42:44 K.31
FL D:/CPLD/Tp_7/Contador_As_Ds_D/Contador_FF_D/Flip_Flop_D.vhd 2017/10/26.12:40:54 K.31
EN work/Flip_Flop_D 1509477423 \
      FL D:/CPLD/Tp_7/Contador_As_Ds_D/Contador_FF_D/Flip_Flop_D.vhd \
      PB ieee/std_logic_1164 1200023565 PB ieee/std_logic_arith 1200023566 \
      PB ieee/STD_LOGIC_UNSIGNED 1200023567
AR work/Flip_Flop_D/Behavioral 1509477424 \
      FL D:/CPLD/Tp_7/Contador_As_Ds_D/Contador_FF_D/Flip_Flop_D.vhd \
      EN work/Flip_Flop_D 1509477423
FL D:/CPLD/Tp_7/Contador_As_Ds_D/Contador_FF_D/Main.vhd 2017/10/26.12:42:46 K.31
EN work/Main 1509477425 FL D:/CPLD/Tp_7/Contador_As_Ds_D/Contador_FF_D/Main.vhd \
      PB ieee/std_logic_1164 1200023565 PB ieee/std_logic_arith 1200023566 \
      PB ieee/STD_LOGIC_UNSIGNED 1200023567
AR work/Main/Behavioral 1509477426 \
      FL D:/CPLD/Tp_7/Contador_As_Ds_D/Contador_FF_D/Main.vhd EN work/Main 1509477425 \
      CP Flip_Flop_D
