V3 9
FL C:/Xilinx/Tp/Contador_As_Ds/Corregido/clk_1Hz.vhd 2017/11/08.15:28:24 K.31
EN work/clk_1Hz 1510242537 FL C:/Xilinx/Tp/Contador_As_Ds/Corregido/clk_1Hz.vhd \
      PB ieee/std_logic_1164 1200023565 PH ieee/NUMERIC_STD 1200023568
AR work/clk_1Hz/arch 1510242538 \
      FL C:/Xilinx/Tp/Contador_As_Ds/Corregido/clk_1Hz.vhd EN work/clk_1Hz 1510242537
FL C:/Xilinx/Tp/Contador_As_Ds/Corregido/FFD.vhd 2016/11/23.00:06:09 K.31
EN work/FFD 1510242539 FL C:/Xilinx/Tp/Contador_As_Ds/Corregido/FFD.vhd \
      PB ieee/std_logic_1164 1200023565
AR work/FFD/arch 1510242540 \
      FL C:/Xilinx/Tp/Contador_As_Ds/Corregido/FFD.vhd EN work/FFD 1510242539
FL C:/Xilinx/Tp/Contador_As_Ds/Corregido/Top.vhd 2017/11/09.12:48:54 K.31
EN work/Top 1510242541 FL C:/Xilinx/Tp/Contador_As_Ds/Corregido/Top.vhd \
      PB ieee/std_logic_1164 1200023565 PB ieee/std_logic_arith 1200023566 \
      PB ieee/STD_LOGIC_UNSIGNED 1200023567
AR work/Top/Behavioral 1510242542 \
      FL C:/Xilinx/Tp/Contador_As_Ds/Corregido/Top.vhd EN work/Top 1510242541 \
      AR work/clk_1Hz/arch 1510242538 AR work/FFD/arch 1510242540
