AR main behavioral D:/andres/Tp_4/Instansiacion/Main.vhd sub00/vhpl03 1498768274
AR sumador behavioral D:/andres/Tp_4/Instansiacion/Sumador.vhd sub00/vhpl01 1498768272
EN main NULL D:/andres/Tp_4/Instansiacion/Main.vhd sub00/vhpl02 1498768273
EN sumador NULL D:/andres/Tp_4/Instansiacion/Sumador.vhd sub00/vhpl00 1498768271
